// Jest Snapshot v1, https://goo.gl/fbAQLP

exports[`Order.tsx simple (Сбереги Мега Маркер) 1`] = `
<div
  className="Order"
>
  <div
    className="Order-header"
  >
    <span
      className="Order-shop"
    >
      Сбереги Мега Маркер
    </span>
    <span
      id="date"
    >
      1 мая, пт, 2020 год
    </span>
  </div>
  <div
    className="Order-items"
  >
    <div>
      Заказ пуст...
    </div>
  </div>
</div>
`;
